Archive member included to satisfy reference by file (symbol)

/Applications/STM32CubeIDE.app/Contents/Eclipse/plugins/com.st.stm32cube.ide.mcu.externaltools.gnu-tools-for-stm32.12.3.rel1.macos64_1.0.200.202406191456/tools/bin/../lib/gcc/arm-none-eabi/12.3.1/../../../../arm-none-eabi/lib/thumb/v7e-m+fp/hard/libc_nano.a(libc_a-exit.o)
                              /Applications/STM32CubeIDE.app/Contents/Eclipse/plugins/com.st.stm32cube.ide.mcu.externaltools.gnu-tools-for-stm32.12.3.rel1.macos64_1.0.200.202406191456/tools/bin/../lib/gcc/arm-none-eabi/12.3.1/../../../../arm-none-eabi/lib/thumb/v7e-m+fp/hard/crt0.o (exit)
/Applications/STM32CubeIDE.app/Contents/Eclipse/plugins/com.st.stm32cube.ide.mcu.externaltools.gnu-tools-for-stm32.12.3.rel1.macos64_1.0.200.202406191456/tools/bin/../lib/gcc/arm-none-eabi/12.3.1/../../../../arm-none-eabi/lib/thumb/v7e-m+fp/hard/libc_nano.a(libc_a-findfp.o)
                              /Applications/STM32CubeIDE.app/Contents/Eclipse/plugins/com.st.stm32cube.ide.mcu.externaltools.gnu-tools-for-stm32.12.3.rel1.macos64_1.0.200.202406191456/tools/bin/../lib/gcc/arm-none-eabi/12.3.1/../../../../arm-none-eabi/lib/thumb/v7e-m+fp/hard/libc_nano.a(libc_a-exit.o) (__stdio_exit_handler)
/Applications/STM32CubeIDE.app/Contents/Eclipse/plugins/com.st.stm32cube.ide.mcu.externaltools.gnu-tools-for-stm32.12.3.rel1.macos64_1.0.200.202406191456/tools/bin/../lib/gcc/arm-none-eabi/12.3.1/../../../../arm-none-eabi/lib/thumb/v7e-m+fp/hard/libc_nano.a(libc_a-fwalk.o)
                              /Applications/STM32CubeIDE.app/Contents/Eclipse/plugins/com.st.stm32cube.ide.mcu.externaltools.gnu-tools-for-stm32.12.3.rel1.macos64_1.0.200.202406191456/tools/bin/../lib/gcc/arm-none-eabi/12.3.1/../../../../arm-none-eabi/lib/thumb/v7e-m+fp/hard/libc_nano.a(libc_a-findfp.o) (_fwalk_sglue)
/Applications/STM32CubeIDE.app/Contents/Eclipse/plugins/com.st.stm32cube.ide.mcu.externaltools.gnu-tools-for-stm32.12.3.rel1.macos64_1.0.200.202406191456/tools/bin/../lib/gcc/arm-none-eabi/12.3.1/../../../../arm-none-eabi/lib/thumb/v7e-m+fp/hard/libc_nano.a(libc_a-memset.o)
                              /Applications/STM32CubeIDE.app/Contents/Eclipse/plugins/com.st.stm32cube.ide.mcu.externaltools.gnu-tools-for-stm32.12.3.rel1.macos64_1.0.200.202406191456/tools/bin/../lib/gcc/arm-none-eabi/12.3.1/../../../../arm-none-eabi/lib/thumb/v7e-m+fp/hard/crt0.o (memset)
/Applications/STM32CubeIDE.app/Contents/Eclipse/plugins/com.st.stm32cube.ide.mcu.externaltools.gnu-tools-for-stm32.12.3.rel1.macos64_1.0.200.202406191456/tools/bin/../lib/gcc/arm-none-eabi/12.3.1/../../../../arm-none-eabi/lib/thumb/v7e-m+fp/hard/libc_nano.a(libc_a-impure.o)
                              /Applications/STM32CubeIDE.app/Contents/Eclipse/plugins/com.st.stm32cube.ide.mcu.externaltools.gnu-tools-for-stm32.12.3.rel1.macos64_1.0.200.202406191456/tools/bin/../lib/gcc/arm-none-eabi/12.3.1/../../../../arm-none-eabi/lib/thumb/v7e-m+fp/hard/libc_nano.a(libc_a-findfp.o) (_impure_data)
/Applications/STM32CubeIDE.app/Contents/Eclipse/plugins/com.st.stm32cube.ide.mcu.externaltools.gnu-tools-for-stm32.12.3.rel1.macos64_1.0.200.202406191456/tools/bin/../lib/gcc/arm-none-eabi/12.3.1/../../../../arm-none-eabi/lib/thumb/v7e-m+fp/hard/libc_nano.a(libc_a-errno.o)
                              ./Src/syscalls.o (__errno)
/Applications/STM32CubeIDE.app/Contents/Eclipse/plugins/com.st.stm32cube.ide.mcu.externaltools.gnu-tools-for-stm32.12.3.rel1.macos64_1.0.200.202406191456/tools/bin/../lib/gcc/arm-none-eabi/12.3.1/../../../../arm-none-eabi/lib/thumb/v7e-m+fp/hard/libc_nano.a(libc_a-init.o)
                              /Applications/STM32CubeIDE.app/Contents/Eclipse/plugins/com.st.stm32cube.ide.mcu.externaltools.gnu-tools-for-stm32.12.3.rel1.macos64_1.0.200.202406191456/tools/bin/../lib/gcc/arm-none-eabi/12.3.1/../../../../arm-none-eabi/lib/thumb/v7e-m+fp/hard/crt0.o (__libc_init_array)
/Applications/STM32CubeIDE.app/Contents/Eclipse/plugins/com.st.stm32cube.ide.mcu.externaltools.gnu-tools-for-stm32.12.3.rel1.macos64_1.0.200.202406191456/tools/bin/../lib/gcc/arm-none-eabi/12.3.1/../../../../arm-none-eabi/lib/thumb/v7e-m+fp/hard/libc_nano.a(libc_a-lock.o)
                              /Applications/STM32CubeIDE.app/Contents/Eclipse/plugins/com.st.stm32cube.ide.mcu.externaltools.gnu-tools-for-stm32.12.3.rel1.macos64_1.0.200.202406191456/tools/bin/../lib/gcc/arm-none-eabi/12.3.1/../../../../arm-none-eabi/lib/thumb/v7e-m+fp/hard/libc_nano.a(libc_a-findfp.o) (__retarget_lock_init_recursive)
/Applications/STM32CubeIDE.app/Contents/Eclipse/plugins/com.st.stm32cube.ide.mcu.externaltools.gnu-tools-for-stm32.12.3.rel1.macos64_1.0.200.202406191456/tools/bin/../lib/gcc/arm-none-eabi/12.3.1/../../../../arm-none-eabi/lib/thumb/v7e-m+fp/hard/libc_nano.a(libc_a-memcpy-stub.o)
                              ./FreeRTOS/FreeRTOS-Kernel/queue.o (memcpy)
[...]
Memory Configuration

Name             Origin             Length             Attributes
RAM              0x20000000         0x00020000         xrw
FLASH            0x08000000         0x00080000         xr
*default*        0x00000000         0xffffffff

Linker script and memory map

LOAD /Applications/STM32CubeIDE.app/Contents/Eclipse/plugins/com.st.stm32cube.ide.mcu.externaltools.gnu-tools-for-stm32.12.3.rel1.macos64_1.0.200.202406191456/tools/bin/../lib/gcc/arm-none-eabi/12.3.1/thumb/v7e-m+fp/hard/crti.o
LOAD /Applications/STM32CubeIDE.app/Contents/Eclipse/plugins/com.st.stm32cube.ide.mcu.externaltools.gnu-tools-for-stm32.12.3.rel1.macos64_1.0.200.202406191456/tools/bin/../lib/gcc/arm-none-eabi/12.3.1/thumb/v7e-m+fp/hard/crtbegin.o
LOAD /Applications/STM32CubeIDE.app/Contents/Eclipse/plugins/com.st.stm32cube.ide.mcu.externaltools.gnu-tools-for-stm32.12.3.rel1.macos64_1.0.200.202406191456/tools/bin/../lib/gcc/arm-none-eabi/12.3.1/../../../../arm-none-eabi/lib/thumb/v7e-m+fp/hard/crt0.o
LOAD ./FreeRTOS/FreeRTOS-Kernel/croutine.o
LOAD ./FreeRTOS/FreeRTOS-Kernel/event_groups.o
LOAD ./FreeRTOS/FreeRTOS-Kernel/list.o
LOAD ./FreeRTOS/FreeRTOS-Kernel/queue.o
LOAD ./FreeRTOS/FreeRTOS-Kernel/stream_buffer.o
LOAD ./FreeRTOS/FreeRTOS-Kernel/tasks.o
LOAD ./FreeRTOS/FreeRTOS-Kernel/timers.o
LOAD ./FreeRTOS/FreeRTOS-Kernel/portable/GCC/ARM_CM4F/port.o
LOAD ./FreeRTOS/FreeRTOS-Kernel/portable/MemMang/heap_4.o
LOAD ./Src/main.o
LOAD ./Src/syscalls.o
LOAD ./Src/sysmem.o
LOAD ./Startup/startup_stm32f446retx.o
START GROUP
LOAD /Applications/STM32CubeIDE.app/Contents/Eclipse/plugins/com.st.stm32cube.ide.mcu.externaltools.gnu-tools-for-stm32.12.3.rel1.macos64_1.0.200.202406191456/tools/bin/../lib/gcc/arm-none-eabi/12.3.1/../../../../arm-none-eabi/lib/thumb/v7e-m+fp/hard/libc_nano.a
LOAD /Applications/STM32CubeIDE.app/Contents/Eclipse/plugins/com.st.stm32cube.ide.mcu.externaltools.gnu-tools-for-stm32.12.3.rel1.macos64_1.0.200.202406191456/tools/bin/../lib/gcc/arm-none-eabi/12.3.1/../../../../arm-none-eabi/lib/thumb/v7e-m+fp/hard/libm.a
END GROUP
START GROUP
LOAD /Applications/STM32CubeIDE.app/Contents/Eclipse/plugins/com.st.stm32cube.ide.mcu.externaltools.gnu-tools-for-stm32.12.3.rel1.macos64_1.0.200.202406191456/tools/bin/../lib/gcc/arm-none-eabi/12.3.1/thumb/v7e-m+fp/hard/libgcc.a
LOAD /Applications/STM32CubeIDE.app/Contents/Eclipse/plugins/com.st.stm32cube.ide.mcu.externaltools.gnu-tools-for-stm32.12.3.rel1.macos64_1.0.200.202406191456/tools/bin/../lib/gcc/arm-none-eabi/12.3.1/../../../../arm-none-eabi/lib/thumb/v7e-m+fp/hard/libc_nano.a
END GROUP
START GROUP
LOAD /Applications/STM32CubeIDE.app/Contents/Eclipse/plugins/com.st.stm32cube.ide.mcu.externaltools.gnu-tools-for-stm32.12.3.rel1.macos64_1.0.200.202406191456/tools/bin/../lib/gcc/arm-none-eabi/12.3.1/thumb/v7e-m+fp/hard/libgcc.a
LOAD /Applications/STM32CubeIDE.app/Contents/Eclipse/plugins/com.st.stm32cube.ide.mcu.externaltools.gnu-tools-for-stm32.12.3.rel1.macos64_1.0.200.202406191456/tools/bin/../lib/gcc/arm-none-eabi/12.3.1/../../../../arm-none-eabi/lib/thumb/v7e-m+fp/hard/libc_nano.a
LOAD /Applications/STM32CubeIDE.app/Contents/Eclipse/plugins/com.st.stm32cube.ide.mcu.externaltools.gnu-tools-for-stm32.12.3.rel1.macos64_1.0.200.202406191456/tools/bin/../lib/gcc/arm-none-eabi/12.3.1/../../../../arm-none-eabi/lib/thumb/v7e-m+fp/hard/libnosys.a
END GROUP
START GROUP
LOAD /Applications/STM32CubeIDE.app/Contents/Eclipse/plugins/com.st.stm32cube.ide.mcu.externaltools.gnu-tools-for-stm32.12.3.rel1.macos64_1.0.200.202406191456/tools/bin/../lib/gcc/arm-none-eabi/12.3.1/thumb/v7e-m+fp/hard/libgcc.a
LOAD /Applications/STM32CubeIDE.app/Contents/Eclipse/plugins/com.st.stm32cube.ide.mcu.externaltools.gnu-tools-for-stm32.12.3.rel1.macos64_1.0.200.202406191456/tools/bin/../lib/gcc/arm-none-eabi/12.3.1/../../../../arm-none-eabi/lib/thumb/v7e-m+fp/hard/libc_nano.a
LOAD /Applications/STM32CubeIDE.app/Contents/Eclipse/plugins/com.st.stm32cube.ide.mcu.externaltools.gnu-tools-for-stm32.12.3.rel1.macos64_1.0.200.202406191456/tools/bin/../lib/gcc/arm-none-eabi/12.3.1/../../../../arm-none-eabi/lib/thumb/v7e-m+fp/hard/libnosys.a
END GROUP
LOAD /Applications/STM32CubeIDE.app/Contents/Eclipse/plugins/com.st.stm32cube.ide.mcu.externaltools.gnu-tools-for-stm32.12.3.rel1.macos64_1.0.200.202406191456/tools/bin/../lib/gcc/arm-none-eabi/12.3.1/thumb/v7e-m+fp/hard/crtend.o
LOAD /Applications/STM32CubeIDE.app/Contents/Eclipse/plugins/com.st.stm32cube.ide.mcu.externaltools.gnu-tools-for-stm32.12.3.rel1.macos64_1.0.200.202406191456/tools/bin/../lib/gcc/arm-none-eabi/12.3.1/thumb/v7e-m+fp/hard/crtn.o
                0x20020000                        _estack = (ORIGIN (RAM) + LENGTH (RAM))
                0x00000200                        _Min_Heap_Size = 0x200
                0x00000400                        _Min_Stack_Size = 0x400

.isr_vector     0x08000000      0x1c4
                0x08000000                        . = ALIGN (0x4)
 *(.isr_vector)
 .isr_vector    0x08000000      0x1c4 ./Startup/startup_stm32f446retx.o
                0x08000000                g_pfnVectors
                0x080001c4                        . = ALIGN (0x4)

.text           0x080001d0      0x4f8
                0x080001d0                        . = ALIGN (0x4)
 *(.text)
 .text          0x080001d0       0x40 /Applications/STM32CubeIDE.app/Contents/Eclipse/plugins/com.st.stm32cube.ide.mcu.externaltools.gnu-tools-for-stm32.12.3.rel1.macos64_1.0.200.202406191456/tools/bin/../lib/gcc/arm-none-eabi/12.3.1/thumb/v7e-m+fp/hard/crtbegin.o
 *(.text*)
 .text.xTaskIncrementTick
                0x08000210      0x230 ./FreeRTOS/FreeRTOS-Kernel/tasks.o
                0x08000210                xTaskIncrementTick
 .text.vTaskSwitchContext
                0x08000440       0xb8 ./FreeRTOS/FreeRTOS-Kernel/tasks.o
                0x08000440                vTaskSwitchContext
 .text.prvResetNextTaskUnblockTime
                0x080004f8       0x38 ./FreeRTOS/FreeRTOS-Kernel/tasks.o
 .text.SVC_Handler
                0x08000530       0x28 ./FreeRTOS/FreeRTOS-Kernel/portable/GCC/ARM_CM4F/port.o
                0x08000530                SVC_Handler
 *fill*         0x08000558        0x8 
 .text.PendSV_Handler
                0x08000560       0x68 ./FreeRTOS/FreeRTOS-Kernel/portable/GCC/ARM_CM4F/port.o
                0x08000560                PendSV_Handler
 .text.SysTick_Handler
                0x080005c8       0x44 ./FreeRTOS/FreeRTOS-Kernel/portable/GCC/ARM_CM4F/port.o
                0x080005c8                SysTick_Handler
 .text.main     0x0800060c        0x8 ./Src/main.o
                0x0800060c                main
 .text.Reset_Handler
                0x08000614       0x50 ./Startup/startup_stm32f446retx.o
                0x08000614                Reset_Handler
 .text.Default_Handler
                0x08000664        0x2 ./Startup/startup_stm32f446retx.o
                0x08000664                DMA1_Stream3_IRQHandler
                0x08000664                EXTI2_IRQHandler
                0x08000664                TIM8_CC_IRQHandler
                0x08000664                SPDIF_Rx_IRQHandler
                0x08000664                DebugMon_Handler
                0x08000664                SPI4_IRQHandler
                0x08000664                TIM1_CC_IRQHandler
                0x08000664                QuadSPI_IRQHandler
                0x08000664                DMA2_Stream5_IRQHandler
                0x08000664                HardFault_Handler
                0x08000664                DMA1_Stream5_IRQHandler
                0x08000664                PVD_IRQHandler
                0x08000664                SDIO_IRQHandler
                0x08000664                TAMP_STAMP_IRQHandler
                0x08000664                NMI_Handler
                0x08000664                CAN2_RX1_IRQHandler
                0x08000664                EXTI3_IRQHandler
                0x08000664                TIM8_TRG_COM_TIM14_IRQHandler
                0x08000664                TIM1_UP_TIM10_IRQHandler
                0x08000664                FMPI2C1_error_IRQHandler
                0x08000664                TIM8_UP_TIM13_IRQHandler
                0x08000664                I2C3_ER_IRQHandler
                0x08000664                EXTI0_IRQHandler
                0x08000664                I2C2_EV_IRQHandler
                0x08000664                DMA1_Stream2_IRQHandler
                0x08000664                CAN1_RX0_IRQHandler
                0x08000664                OTG_HS_WKUP_IRQHandler
                0x08000664                UsageFault_Handler
                0x08000664                CAN2_SCE_IRQHandler
                0x08000664                DMA2_Stream2_IRQHandler
                0x08000664                SPI1_IRQHandler
                0x08000664                TIM6_DAC_IRQHandler
                0x08000664                TIM1_BRK_TIM9_IRQHandler
                0x08000664                DCMI_IRQHandler
                0x08000664                CAN2_RX0_IRQHandler
                0x08000664                DMA2_Stream3_IRQHandler
                0x08000664                FMPI2C1_IRQHandler
                0x08000664                SAI2_IRQHandler
                0x08000664                USART6_IRQHandler
                0x08000664                USART3_IRQHandler
                0x08000664                CAN1_RX1_IRQHandler
                0x08000664                UART5_IRQHandler
                0x08000664                DMA2_Stream0_IRQHandler
                0x08000664                TIM4_IRQHandler
                0x08000664                I2C1_EV_IRQHandler
                0x08000664                HDMI_CEC_IRQHandler
                0x08000664                DMA1_Stream6_IRQHandler
                0x08000664                DMA1_Stream1_IRQHandler
                0x08000664                UART4_IRQHandler
                0x08000664                TIM3_IRQHandler
                0x08000664                RCC_IRQHandler
                0x08000664                TIM8_BRK_TIM12_IRQHandler
                0x08000664                Default_Handler
                0x08000664                EXTI15_10_IRQHandler
                0x08000664                ADC_IRQHandler
                0x08000664                DMA1_Stream7_IRQHandler
                0x08000664                TIM7_IRQHandler
                0x08000664                CAN2_TX_IRQHandler
                0x08000664                TIM5_IRQHandler
                0x08000664                DMA2_Stream7_IRQHandler
                0x08000664                I2C3_EV_IRQHandler
                0x08000664                EXTI9_5_IRQHandler
                0x08000664                RTC_WKUP_IRQHandler
                0x08000664                SPI2_IRQHandler
                0x08000664                OTG_HS_EP1_IN_IRQHandler
                0x08000664                MemManage_Handler
                0x08000664                DMA1_Stream0_IRQHandler
                0x08000664                CAN1_TX_IRQHandler
                0x08000664                EXTI4_IRQHandler
                0x08000664                OTG_HS_EP1_OUT_IRQHandler
                0x08000664                WWDG_IRQHandler
                0x08000664                TIM2_IRQHandler
                0x08000664                OTG_FS_WKUP_IRQHandler
                0x08000664                TIM1_TRG_COM_TIM11_IRQHandler
                0x08000664                OTG_HS_IRQHandler
                0x08000664                EXTI1_IRQHandler
                0x08000664                USART2_IRQHandler
                0x08000664                I2C2_ER_IRQHandler
                0x08000664                DMA2_Stream1_IRQHandler
                0x08000664                CAN1_SCE_IRQHandler
                0x08000664                FLASH_IRQHandler
                0x08000664                DMA2_Stream4_IRQHandler
                0x08000664                BusFault_Handler
                0x08000664                USART1_IRQHandler
                0x08000664                OTG_FS_IRQHandler
                0x08000664                SPI3_IRQHandler
                0x08000664                DMA1_Stream4_IRQHandler
                0x08000664                I2C1_ER_IRQHandler
                0x08000664                FMC_IRQHandler
                0x08000664                DMA2_Stream6_IRQHandler
                0x08000664                SAI1_IRQHandler
                0x08000664                RTC_Alarm_IRQHandler
 *fill*         0x08000666        0x2 
 .text.__libc_init_array
                0x08000668       0x48 /Applications/STM32CubeIDE.app/Contents/Eclipse/plugins/com.st.stm32cube.ide.mcu.externaltools.gnu-tools-for-stm32.12.3.rel1.macos64_1.0.200.202406191456/tools/bin/../lib/gcc/arm-none-eabi/12.3.1/../../../../arm-none-eabi/lib/thumb/v7e-m+fp/hard/libc_nano.a(libc_a-init.o)
                0x08000668                __libc_init_array
 *(.glue_7)
 .glue_7        0x080006b0        0x0 linker stubs
 *(.glue_7t)
 .glue_7t       0x080006b0        0x0 linker stubs
 *(.eh_frame)
 .eh_frame      0x080006b0        0x0 /Applications/STM32CubeIDE.app/Contents/Eclipse/plugins/com.st.stm32cube.ide.mcu.externaltools.gnu-tools-for-stm32.12.3.rel1.macos64_1.0.200.202406191456/tools/bin/../lib/gcc/arm-none-eabi/12.3.1/thumb/v7e-m+fp/hard/crtbegin.o
 *(.init)
 .init          0x080006b0        0x4 /Applications/STM32CubeIDE.app/Contents/Eclipse/plugins/com.st.stm32cube.ide.mcu.externaltools.gnu-tools-for-stm32.12.3.rel1.macos64_1.0.200.202406191456/tools/bin/../lib/gcc/arm-none-eabi/12.3.1/thumb/v7e-m+fp/hard/crti.o
                0x080006b0                _init
 .init          0x080006b4        0x8 /Applications/STM32CubeIDE.app/Contents/Eclipse/plugins/com.st.stm32cube.ide.mcu.externaltools.gnu-tools-for-stm32.12.3.rel1.macos64_1.0.200.202406191456/tools/bin/../lib/gcc/arm-none-eabi/12.3.1/thumb/v7e-m+fp/hard/crtn.o
 *(.fini)
 .fini          0x080006bc        0x4 /Applications/STM32CubeIDE.app/Contents/Eclipse/plugins/com.st.stm32cube.ide.mcu.externaltools.gnu-tools-for-stm32.12.3.rel1.macos64_1.0.200.202406191456/tools/bin/../lib/gcc/arm-none-eabi/12.3.1/thumb/v7e-m+fp/hard/crti.o
                0x080006bc                _fini
 .fini          0x080006c0        0x8 /Applications/STM32CubeIDE.app/Contents/Eclipse/plugins/com.st.stm32cube.ide.mcu.externaltools.gnu-tools-for-stm32.12.3.rel1.macos64_1.0.200.202406191456/tools/bin/../lib/gcc/arm-none-eabi/12.3.1/thumb/v7e-m+fp/hard/crtn.o
                0x080006c8                        . = ALIGN (0x4)
                0x080006c8                        _etext = .

.vfp11_veneer   0x080006c8        0x0
 .vfp11_veneer  0x080006c8        0x0 linker stubs

.v4_bx          0x080006c8        0x0
 .v4_bx         0x080006c8        0x0 linker stubs

.iplt           0x080006c8        0x0
 .iplt          0x080006c8        0x0 /Applications/STM32CubeIDE.app/Contents/Eclipse/plugins/com.st.stm32cube.ide.mcu.externaltools.gnu-tools-for-stm32.12.3.rel1.macos64_1.0.200.202406191456/tools/bin/../lib/gcc/arm-none-eabi/12.3.1/thumb/v7e-m+fp/hard/crtbegin.o

.rodata         0x080006c8        0x0
                0x080006c8                        . = ALIGN (0x4)
 *(.rodata)
 *(.rodata*)
                0x080006c8                        . = ALIGN (0x4)

.ARM.extab      0x080006c8        0x0
                0x080006c8                        . = ALIGN (0x4)
 *(.ARM.extab* .gnu.linkonce.armextab.*)
                0x080006c8                        . = ALIGN (0x4)

.ARM            0x080006c8        0x0
                0x080006c8                        . = ALIGN (0x4)
                0x080006c8                        __exidx_start = .
 *(.ARM.exidx*)
                0x080006c8                        __exidx_end = .
                0x080006c8                        . = ALIGN (0x4)

.preinit_array  0x080006c8        0x0
                0x080006c8                        . = ALIGN (0x4)
                0x080006c8                        PROVIDE (__preinit_array_start = .)
 *(.preinit_array*)
                0x080006c8                        PROVIDE (__preinit_array_end = .)
                0x080006c8                        . = ALIGN (0x4)

.init_array     0x080006c8        0x4
                0x080006c8                        . = ALIGN (0x4)
                0x080006c8                        PROVIDE (__init_array_start = .)
 *(SORT_BY_NAME(.init_array.*))
 *(.init_array*)
 .init_array    0x080006c8        0x4 /Applications/STM32CubeIDE.app/Contents/Eclipse/plugins/com.st.stm32cube.ide.mcu.externaltools.gnu-tools-for-stm32.12.3.rel1.macos64_1.0.200.202406191456/tools/bin/../lib/gcc/arm-none-eabi/12.3.1/thumb/v7e-m+fp/hard/crtbegin.o
                0x080006cc                        PROVIDE (__init_array_end = .)
                0x080006cc                        . = ALIGN (0x4)

.fini_array     0x080006cc        0x4
                0x080006cc                        . = ALIGN (0x4)
                [!provide]                        PROVIDE (__fini_array_start = .)
 *(SORT_BY_NAME(.fini_array.*))
 *(.fini_array*)
 .fini_array    0x080006cc        0x4 /Applications/STM32CubeIDE.app/Contents/Eclipse/plugins/com.st.stm32cube.ide.mcu.externaltools.gnu-tools-for-stm32.12.3.rel1.macos64_1.0.200.202406191456/tools/bin/../lib/gcc/arm-none-eabi/12.3.1/thumb/v7e-m+fp/hard/crtbegin.o
                [!provide]                        PROVIDE (__fini_array_end = .)
                0x080006d0                        . = ALIGN (0x4)
                0x080006d0                        _sidata = LOADADDR (.data)

.rel.dyn        0x080006d0        0x0
 .rel.iplt      0x080006d0        0x0 /Applications/STM32CubeIDE.app/Contents/Eclipse/plugins/com.st.stm32cube.ide.mcu.externaltools.gnu-tools-for-stm32.12.3.rel1.macos64_1.0.200.202406191456/tools/bin/../lib/gcc/arm-none-eabi/12.3.1/thumb/v7e-m+fp/hard/crtbegin.o

.data           0x20000000        0x0 load address 0x080006d0
                0x20000000                        . = ALIGN (0x4)
                0x20000000                        _sdata = .
 *(.data)
 *(.data*)
 *(.RamFunc)
 *(.RamFunc*)
                0x20000000                        . = ALIGN (0x4)
                0x20000000                        _edata = .

.igot.plt       0x20000000        0x0 load address 0x080006d0
 .igot.plt      0x20000000        0x0 /Applications/STM32CubeIDE.app/Contents/Eclipse/plugins/com.st.stm32cube.ide.mcu.externaltools.gnu-tools-for-stm32.12.3.rel1.macos64_1.0.200.202406191456/tools/bin/../lib/gcc/arm-none-eabi/12.3.1/thumb/v7e-m+fp/hard/crtbegin.o
                0x20000000                        . = ALIGN (0x4)

.bss            0x20000000       0xd0 load address 0x080006d0
                0x20000000                        _sbss = .
                0x20000000                        __bss_start__ = _sbss
 *(.bss)
 .bss           0x20000000       0x1c /Applications/STM32CubeIDE.app/Contents/Eclipse/plugins/com.st.stm32cube.ide.mcu.externaltools.gnu-tools-for-stm32.12.3.rel1.macos64_1.0.200.202406191456/tools/bin/../lib/gcc/arm-none-eabi/12.3.1/thumb/v7e-m+fp/hard/crtbegin.o
 *(.bss*)
 .bss.pxCurrentTCB
                0x2000001c        0x4 ./FreeRTOS/FreeRTOS-Kernel/tasks.o
                0x2000001c                pxCurrentTCB
 .bss.pxReadyTasksLists
                0x20000020       0x8c ./FreeRTOS/FreeRTOS-Kernel/tasks.o
 .bss.pxDelayedTaskList
                0x200000ac        0x4 ./FreeRTOS/FreeRTOS-Kernel/tasks.o
 .bss.pxOverflowDelayedTaskList
                0x200000b0        0x4 ./FreeRTOS/FreeRTOS-Kernel/tasks.o
 .bss.xTickCount
                0x200000b4        0x4 ./FreeRTOS/FreeRTOS-Kernel/tasks.o
 .bss.uxTopReadyPriority
                0x200000b8        0x4 ./FreeRTOS/FreeRTOS-Kernel/tasks.o
 .bss.xPendedTicks
                0x200000bc        0x4 ./FreeRTOS/FreeRTOS-Kernel/tasks.o
 .bss.xYieldPending
                0x200000c0        0x4 ./FreeRTOS/FreeRTOS-Kernel/tasks.o
 .bss.xNumOfOverflows
                0x200000c4        0x4 ./FreeRTOS/FreeRTOS-Kernel/tasks.o
 .bss.xNextTaskUnblockTime
                0x200000c8        0x4 ./FreeRTOS/FreeRTOS-Kernel/tasks.o
 .bss.uxSchedulerSuspended
                0x200000cc        0x4 ./FreeRTOS/FreeRTOS-Kernel/tasks.o
 *(COMMON)
                0x200000d0                        . = ALIGN (0x4)
                0x200000d0                        _ebss = .
                0x200000d0                        __bss_end__ = _ebss

._user_heap_stack
                0x200000d0      0x600 load address 0x080006d0
                0x200000d0                        . = ALIGN (0x8)
                [!provide]                        PROVIDE (end = .)
                0x200000d0                        PROVIDE (_end = .)
                0x200002d0                        . = (. + _Min_Heap_Size)
 *fill*         0x200000d0      0x200 
                0x200006d0                        . = (. + _Min_Stack_Size)
 *fill*         0x200002d0      0x400 
                0x200006d0                        . = ALIGN (0x8)

/DISCARD/
 libc.a(*)
 libm.a(*)
 libgcc.a(*)

.ARM.attributes
                0x00000000       0x30
 *(.ARM.attributes)
 .ARM.attributes
                0x00000000       0x22 /Applications/STM32CubeIDE.app/Contents/Eclipse/plugins/com.st.stm32cube.ide.mcu.externaltools.gnu-tools-for-stm32.12.3.rel1.macos64_1.0.200.202406191456/tools/bin/../lib/gcc/arm-none-eabi/12.3.1/thumb/v7e-m+fp/hard/crti.o
 .ARM.attributes
                0x00000022       0x34 /Applications/STM32CubeIDE.app/Contents/Eclipse/plugins/com.st.stm32cube.ide.mcu.externaltools.gnu-tools-for-stm32.12.3.rel1.macos64_1.0.200.202406191456/tools/bin/../lib/gcc/arm-none-eabi/12.3.1/thumb/v7e-m+fp/hard/crtbegin.o
 .ARM.attributes
                0x00000056       0x34 ./FreeRTOS/FreeRTOS-Kernel/tasks.o
 .ARM.attributes
                0x0000008a       0x34 ./FreeRTOS/FreeRTOS-Kernel/portable/GCC/ARM_CM4F/port.o
 .ARM.attributes
                0x000000be       0x34 ./Src/main.o
 .ARM.attributes
                0x000000f2       0x21 ./Startup/startup_stm32f446retx.o
 .ARM.attributes
                0x00000113       0x34 /Applications/STM32CubeIDE.app/Contents/Eclipse/plugins/com.st.stm32cube.ide.mcu.externaltools.gnu-tools-for-stm32.12.3.rel1.macos64_1.0.200.202406191456/tools/bin/../lib/gcc/arm-none-eabi/12.3.1/../../../../arm-none-eabi/lib/thumb/v7e-m+fp/hard/libc_nano.a(libc_a-init.o)
 .ARM.attributes
                0x00000147       0x22 /Applications/STM32CubeIDE.app/Contents/Eclipse/plugins/com.st.stm32cube.ide.mcu.externaltools.gnu-tools-for-stm32.12.3.rel1.macos64_1.0.200.202406191456/tools/bin/../lib/gcc/arm-none-eabi/12.3.1/thumb/v7e-m+fp/hard/crtn.o
OUTPUT(test_code.elf elf32-littlearm)
LOAD linker stubs
LOAD /Applications/STM32CubeIDE.app/Contents/Eclipse/plugins/com.st.stm32cube.ide.mcu.externaltools.gnu-tools-for-stm32.12.3.rel1.macos64_1.0.200.202406191456/tools/bin/../lib/gcc/arm-none-eabi/12.3.1/../../../../arm-none-eabi/lib/thumb/v7e-m+fp/hard/libc.a
LOAD /Applications/STM32CubeIDE.app/Contents/Eclipse/plugins/com.st.stm32cube.ide.mcu.externaltools.gnu-tools-for-stm32.12.3.rel1.macos64_1.0.200.202406191456/tools/bin/../lib/gcc/arm-none-eabi/12.3.1/../../../../arm-none-eabi/lib/thumb/v7e-m+fp/hard/libm.a
LOAD /Applications/STM32CubeIDE.app/Contents/Eclipse/plugins/com.st.stm32cube.ide.mcu.externaltools.gnu-tools-for-stm32.12.3.rel1.macos64_1.0.200.202406191456/tools/bin/../lib/gcc/arm-none-eabi/12.3.1/thumb/v7e-m+fp/hard/libgcc.a

.debug_info     0x00000000     0x2755
 .debug_info    0x00000000     0x21b6 ./FreeRTOS/FreeRTOS-Kernel/tasks.o
 .debug_info    0x000021b6      0x4e1 ./FreeRTOS/FreeRTOS-Kernel/portable/GCC/ARM_CM4F/port.o
 .debug_info    0x00002697       0x8e ./Src/main.o
 .debug_info    0x00002725       0x30 ./Startup/startup_stm32f446retx.o

.debug_abbrev   0x00000000      0x61d
 .debug_abbrev  0x00000000      0x358 ./FreeRTOS/FreeRTOS-Kernel/tasks.o
 .debug_abbrev  0x00000358      0x25a ./FreeRTOS/FreeRTOS-Kernel/portable/GCC/ARM_CM4F/port.o
 .debug_abbrev  0x000005b2       0x47 ./Src/main.o
 .debug_abbrev  0x000005f9       0x24 ./Startup/startup_stm32f446retx.o

.debug_aranges  0x00000000      0x280
 .debug_aranges
                0x00000000      0x1b8 ./FreeRTOS/FreeRTOS-Kernel/tasks.o
 .debug_aranges
                0x000001b8       0x80 ./FreeRTOS/FreeRTOS-Kernel/portable/GCC/ARM_CM4F/port.o
 .debug_aranges
                0x00000238       0x20 ./Src/main.o
 .debug_aranges
                0x00000258       0x28 ./Startup/startup_stm32f446retx.o

.debug_rnglists
                0x00000000      0x1e9
 .debug_rnglists
                0x00000000      0x160 ./FreeRTOS/FreeRTOS-Kernel/tasks.o
 .debug_rnglists
                0x00000160       0x5d ./FreeRTOS/FreeRTOS-Kernel/portable/GCC/ARM_CM4F/port.o
 .debug_rnglists
                0x000001bd       0x13 ./Src/main.o
 .debug_rnglists
                0x000001d0       0x19 ./Startup/startup_stm32f446retx.o

.debug_macro    0x00000000      0x4f9
 .debug_macro   0x00000000      0x27e ./FreeRTOS/FreeRTOS-Kernel/tasks.o
 .debug_macro   0x0000027e       0x17 ./FreeRTOS/FreeRTOS-Kernel/tasks.o
 .debug_macro   0x00000295      0x1a7 ./FreeRTOS/FreeRTOS-Kernel/portable/GCC/ARM_CM4F/port.o
 .debug_macro   0x0000043c       0xbd ./Src/main.o

.debug_line     0x00000000     0x2960
 .debug_line    0x00000000     0x1b30 ./FreeRTOS/FreeRTOS-Kernel/tasks.o
 .debug_line    0x00001b30      0x887 ./FreeRTOS/FreeRTOS-Kernel/portable/GCC/ARM_CM4F/port.o
 .debug_line    0x000023b7      0x52e ./Src/main.o
 .debug_line    0x000028e5       0x7b ./Startup/startup_stm32f446retx.o

.debug_str      0x00000000     0xe61a
 .debug_str     0x00000000     0xdddd ./FreeRTOS/FreeRTOS-Kernel/tasks.o
                               0xe0a3 (size before relaxing)
 .debug_str     0x0000dddd      0x7eb ./FreeRTOS/FreeRTOS-Kernel/portable/GCC/ARM_CM4F/port.o
                               0x9946 (size before relaxing)
 .debug_str     0x0000e5c8       0x13 ./Src/main.o
                               0x728b (size before relaxing)
 .debug_str     0x0000e5db       0x3f ./Startup/startup_stm32f446retx.o
                                 0x9c (size before relaxing)

.comment        0x00000000       0x43
 .comment       0x00000000       0x43 ./FreeRTOS/FreeRTOS-Kernel/tasks.o
                                 0x44 (size before relaxing)
 .comment       0x00000043       0x44 ./FreeRTOS/FreeRTOS-Kernel/portable/GCC/ARM_CM4F/port.o
 .comment       0x00000043       0x44 ./Src/main.o

.debug_frame    0x00000000      0x980
 .debug_frame   0x00000000      0x784 ./FreeRTOS/FreeRTOS-Kernel/tasks.o
 .debug_frame   0x00000784      0x1a8 ./FreeRTOS/FreeRTOS-Kernel/portable/GCC/ARM_CM4F/port.o
 .debug_frame   0x0000092c       0x28 ./Src/main.o
 .debug_frame   0x00000954       0x2c /Applications/STM32CubeIDE.app/Contents/Eclipse/plugins/com.st.stm32cube.ide.mcu.externaltools.gnu-tools-for-stm32.12.3.rel1.macos64_1.0.200.202406191456/tools/bin/../lib/gcc/arm-none-eabi/12.3.1/../../../../arm-none-eabi/lib/thumb/v7e-m+fp/hard/libc_nano.a(libc_a-init.o)

.debug_line_str
                0x00000000       0x80
 .debug_line_str
                0x00000000       0x80 ./Startup/startup_stm32f446retx.o
