Archive member included to satisfy reference by file (symbol)

/Applications/STM32CubeIDE.app/Contents/Eclipse/plugins/com.st.stm32cube.ide.mcu.externaltools.gnu-tools-for-stm32.12.3.rel1.macos64_1.0.200.202406191456/tools/bin/../lib/gcc/arm-none-eabi/12.3.1/../../../../arm-none-eabi/lib/thumb/v7e-m+fp/hard/libc_nano.a(libc_a-exit.o)
                              /Applications/STM32CubeIDE.app/Contents/Eclipse/plugins/com.st.stm32cube.ide.mcu.externaltools.gnu-tools-for-stm32.12.3.rel1.macos64_1.0.200.202406191456/tools/bin/../lib/gcc/arm-none-eabi/12.3.1/../../../../arm-none-eabi/lib/thumb/v7e-m+fp/hard/crt0.o (exit)
/Applications/STM32CubeIDE.app/Contents/Eclipse/plugins/com.st.stm32cube.ide.mcu.externaltools.gnu-tools-for-stm32.12.3.rel1.macos64_1.0.200.202406191456/tools/bin/../lib/gcc/arm-none-eabi/12.3.1/../../../../arm-none-eabi/lib/thumb/v7e-m+fp/hard/libc_nano.a(libc_a-findfp.o)
                              /Applications/STM32CubeIDE.app/Contents/Eclipse/plugins/com.st.stm32cube.ide.mcu.externaltools.gnu-tools-for-stm32.12.3.rel1.macos64_1.0.200.202406191456/tools/bin/../lib/gcc/arm-none-eabi/12.3.1/../../../../arm-none-eabi/lib/thumb/v7e-m+fp/hard/libc_nano.a(libc_a-exit.o) (__stdio_exit_handler)
/Applications/STM32CubeIDE.app/Contents/Eclipse/plugins/com.st.stm32cube.ide.mcu.externaltools.gnu-tools-for-stm32.12.3.rel1.macos64_1.0.200.202406191456/tools/bin/../lib/gcc/arm-none-eabi/12.3.1/../../../../arm-none-eabi/lib/thumb/v7e-m+fp/hard/libc_nano.a(libc_a-fwalk.o)
                              /Applications/STM32CubeIDE.app/Contents/Eclipse/plugins/com.st.stm32cube.ide.mcu.externaltools.gnu-tools-for-stm32.12.3.rel1.macos64_1.0.200.202406191456/tools/bin/../lib/gcc/arm-none-eabi/12.3.1/../../../../arm-none-eabi/lib/thumb/v7e-m+fp/hard/libc_nano.a(libc_a-findfp.o) (_fwalk_sglue)
/Applications/STM32CubeIDE.app/Contents/Eclipse/plugins/com.st.stm32cube.ide.mcu.externaltools.gnu-tools-for-stm32.12.3.rel1.macos64_1.0.200.202406191456/tools/bin/../lib/gcc/arm-none-eabi/12.3.1/../../../../arm-none-eabi/lib/thumb/v7e-m+fp/hard/libc_nano.a(libc_a-memset.o)
                              /Applications/STM32CubeIDE.app/Contents/Eclipse/plugins/com.st.stm32cube.ide.mcu.externaltools.gnu-tools-for-stm32.12.3.rel1.macos64_1.0.200.202406191456/tools/bin/../lib/gcc/arm-none-eabi/12.3.1/../../../../arm-none-eabi/lib/thumb/v7e-m+fp/hard/crt0.o (memset)
/Applications/STM32CubeIDE.app/Contents/Eclipse/plugins/com.st.stm32cube.ide.mcu.externaltools.gnu-tools-for-stm32.12.3.rel1.macos64_1.0.200.202406191456/tools/bin/../lib/gcc/arm-none-eabi/12.3.1/../../../../arm-none-eabi/lib/thumb/v7e-m+fp/hard/libc_nano.a(libc_a-impure.o)
                              /Applications/STM32CubeIDE.app/Contents/Eclipse/plugins/com.st.stm32cube.ide.mcu.externaltools.gnu-tools-for-stm32.12.3.rel1.macos64_1.0.200.202406191456/tools/bin/../lib/gcc/arm-none-eabi/12.3.1/../../../../arm-none-eabi/lib/thumb/v7e-m+fp/hard/libc_nano.a(libc_a-findfp.o) (_impure_data)
/Applications/STM32CubeIDE.app/Contents/Eclipse/plugins/com.st.stm32cube.ide.mcu.externaltools.gnu-tools-for-stm32.12.3.rel1.macos64_1.0.200.202406191456/tools/bin/../lib/gcc/arm-none-eabi/12.3.1/../../../../arm-none-eabi/lib/thumb/v7e-m+fp/hard/libc_nano.a(libc_a-errno.o)
                              ./Src/syscalls.o (__errno)
/Applications/STM32CubeIDE.app/Contents/Eclipse/plugins/com.st.stm32cube.ide.mcu.externaltools.gnu-tools-for-stm32.12.3.rel1.macos64_1.0.200.202406191456/tools/bin/../lib/gcc/arm-none-eabi/12.3.1/../../../../arm-none-eabi/lib/thumb/v7e-m+fp/hard/libc_nano.a(libc_a-init.o)
                              /Applications/STM32CubeIDE.app/Contents/Eclipse/plugins/com.st.stm32cube.ide.mcu.externaltools.gnu-tools-for-stm32.12.3.rel1.macos64_1.0.200.202406191456/tools/bin/../lib/gcc/arm-none-eabi/12.3.1/../../../../arm-none-eabi/lib/thumb/v7e-m+fp/hard/crt0.o (__libc_init_array)
/Applications/STM32CubeIDE.app/Contents/Eclipse/plugins/com.st.stm32cube.ide.mcu.externaltools.gnu-tools-for-stm32.12.3.rel1.macos64_1.0.200.202406191456/tools/bin/../lib/gcc/arm-none-eabi/12.3.1/../../../../arm-none-eabi/lib/thumb/v7e-m+fp/hard/libc_nano.a(libc_a-lock.o)
                              /Applications/STM32CubeIDE.app/Contents/Eclipse/plugins/com.st.stm32cube.ide.mcu.externaltools.gnu-tools-for-stm32.12.3.rel1.macos64_1.0.200.202406191456/tools/bin/../lib/gcc/arm-none-eabi/12.3.1/../../../../arm-none-eabi/lib/thumb/v7e-m+fp/hard/libc_nano.a(libc_a-findfp.o) (__retarget_lock_init_recursive)
/Applications/STM32CubeIDE.app/Contents/Eclipse/plugins/com.st.stm32cube.ide.mcu.externaltools.gnu-tools-for-stm32.12.3.rel1.macos64_1.0.200.202406191456/tools/bin/../lib/gcc/arm-none-eabi/12.3.1/../../../../arm-none-eabi/lib/thumb/v7e-m+fp/hard/libc_nano.a(libc_a-memcpy-stub.o)
                              ./Inc/FreeRTOS/Source/queue.o (memcpy)
[...]
Memory Configuration

Name             Origin             Length             Attributes
RAM              0x20000000         0x00020000         xrw
FLASH            0x08000000         0x00080000         xr
*default*        0x00000000         0xffffffff

Linker script and memory map

LOAD /Applications/STM32CubeIDE.app/Contents/Eclipse/plugins/com.st.stm32cube.ide.mcu.externaltools.gnu-tools-for-stm32.12.3.rel1.macos64_1.0.200.202406191456/tools/bin/../lib/gcc/arm-none-eabi/12.3.1/thumb/v7e-m+fp/hard/crti.o
LOAD /Applications/STM32CubeIDE.app/Contents/Eclipse/plugins/com.st.stm32cube.ide.mcu.externaltools.gnu-tools-for-stm32.12.3.rel1.macos64_1.0.200.202406191456/tools/bin/../lib/gcc/arm-none-eabi/12.3.1/thumb/v7e-m+fp/hard/crtbegin.o
LOAD /Applications/STM32CubeIDE.app/Contents/Eclipse/plugins/com.st.stm32cube.ide.mcu.externaltools.gnu-tools-for-stm32.12.3.rel1.macos64_1.0.200.202406191456/tools/bin/../lib/gcc/arm-none-eabi/12.3.1/../../../../arm-none-eabi/lib/thumb/v7e-m+fp/hard/crt0.o
LOAD ./Inc/FreeRTOS/Source/croutine.o
LOAD ./Inc/FreeRTOS/Source/event_groups.o
LOAD ./Inc/FreeRTOS/Source/list.o
LOAD ./Inc/FreeRTOS/Source/queue.o
LOAD ./Inc/FreeRTOS/Source/stream_buffer.o
LOAD ./Inc/FreeRTOS/Source/tasks.o
LOAD ./Inc/FreeRTOS/Source/timers.o
LOAD ./Inc/FreeRTOS/Source/portable/GCC/ARM_CM4F/port.o
LOAD ./Inc/FreeRTOS/Source/portable/MemMang/heap_4.o
LOAD ./Src/main.o
LOAD ./Src/syscalls.o
LOAD ./Src/sysmem.o
LOAD ./Startup/startup_stm32f446retx.o
START GROUP
LOAD /Applications/STM32CubeIDE.app/Contents/Eclipse/plugins/com.st.stm32cube.ide.mcu.externaltools.gnu-tools-for-stm32.12.3.rel1.macos64_1.0.200.202406191456/tools/bin/../lib/gcc/arm-none-eabi/12.3.1/../../../../arm-none-eabi/lib/thumb/v7e-m+fp/hard/libc_nano.a
LOAD /Applications/STM32CubeIDE.app/Contents/Eclipse/plugins/com.st.stm32cube.ide.mcu.externaltools.gnu-tools-for-stm32.12.3.rel1.macos64_1.0.200.202406191456/tools/bin/../lib/gcc/arm-none-eabi/12.3.1/../../../../arm-none-eabi/lib/thumb/v7e-m+fp/hard/libm.a
END GROUP
START GROUP
LOAD /Applications/STM32CubeIDE.app/Contents/Eclipse/plugins/com.st.stm32cube.ide.mcu.externaltools.gnu-tools-for-stm32.12.3.rel1.macos64_1.0.200.202406191456/tools/bin/../lib/gcc/arm-none-eabi/12.3.1/thumb/v7e-m+fp/hard/libgcc.a
LOAD /Applications/STM32CubeIDE.app/Contents/Eclipse/plugins/com.st.stm32cube.ide.mcu.externaltools.gnu-tools-for-stm32.12.3.rel1.macos64_1.0.200.202406191456/tools/bin/../lib/gcc/arm-none-eabi/12.3.1/../../../../arm-none-eabi/lib/thumb/v7e-m+fp/hard/libc_nano.a
END GROUP
START GROUP
LOAD /Applications/STM32CubeIDE.app/Contents/Eclipse/plugins/com.st.stm32cube.ide.mcu.externaltools.gnu-tools-for-stm32.12.3.rel1.macos64_1.0.200.202406191456/tools/bin/../lib/gcc/arm-none-eabi/12.3.1/thumb/v7e-m+fp/hard/libgcc.a
LOAD /Applications/STM32CubeIDE.app/Contents/Eclipse/plugins/com.st.stm32cube.ide.mcu.externaltools.gnu-tools-for-stm32.12.3.rel1.macos64_1.0.200.202406191456/tools/bin/../lib/gcc/arm-none-eabi/12.3.1/../../../../arm-none-eabi/lib/thumb/v7e-m+fp/hard/libc_nano.a
LOAD /Applications/STM32CubeIDE.app/Contents/Eclipse/plugins/com.st.stm32cube.ide.mcu.externaltools.gnu-tools-for-stm32.12.3.rel1.macos64_1.0.200.202406191456/tools/bin/../lib/gcc/arm-none-eabi/12.3.1/../../../../arm-none-eabi/lib/thumb/v7e-m+fp/hard/libnosys.a
END GROUP
START GROUP
LOAD /Applications/STM32CubeIDE.app/Contents/Eclipse/plugins/com.st.stm32cube.ide.mcu.externaltools.gnu-tools-for-stm32.12.3.rel1.macos64_1.0.200.202406191456/tools/bin/../lib/gcc/arm-none-eabi/12.3.1/thumb/v7e-m+fp/hard/libgcc.a
LOAD /Applications/STM32CubeIDE.app/Contents/Eclipse/plugins/com.st.stm32cube.ide.mcu.externaltools.gnu-tools-for-stm32.12.3.rel1.macos64_1.0.200.202406191456/tools/bin/../lib/gcc/arm-none-eabi/12.3.1/../../../../arm-none-eabi/lib/thumb/v7e-m+fp/hard/libc_nano.a
LOAD /Applications/STM32CubeIDE.app/Contents/Eclipse/plugins/com.st.stm32cube.ide.mcu.externaltools.gnu-tools-for-stm32.12.3.rel1.macos64_1.0.200.202406191456/tools/bin/../lib/gcc/arm-none-eabi/12.3.1/../../../../arm-none-eabi/lib/thumb/v7e-m+fp/hard/libnosys.a
END GROUP
LOAD /Applications/STM32CubeIDE.app/Contents/Eclipse/plugins/com.st.stm32cube.ide.mcu.externaltools.gnu-tools-for-stm32.12.3.rel1.macos64_1.0.200.202406191456/tools/bin/../lib/gcc/arm-none-eabi/12.3.1/thumb/v7e-m+fp/hard/crtend.o
LOAD /Applications/STM32CubeIDE.app/Contents/Eclipse/plugins/com.st.stm32cube.ide.mcu.externaltools.gnu-tools-for-stm32.12.3.rel1.macos64_1.0.200.202406191456/tools/bin/../lib/gcc/arm-none-eabi/12.3.1/thumb/v7e-m+fp/hard/crtn.o
                0x20020000                        _estack = (ORIGIN (RAM) + LENGTH (RAM))
                0x00000200                        _Min_Heap_Size = 0x200
                0x00000400                        _Min_Stack_Size = 0x400

.isr_vector     0x08000000      0x1c4
                0x08000000                        . = ALIGN (0x4)
 *(.isr_vector)
 .isr_vector    0x08000000      0x1c4 ./Startup/startup_stm32f446retx.o
                0x08000000                g_pfnVectors
                0x080001c4                        . = ALIGN (0x4)

.text           0x080001d0     0x1344
                0x080001d0                        . = ALIGN (0x4)
 *(.text)
 .text          0x080001d0       0x40 /Applications/STM32CubeIDE.app/Contents/Eclipse/plugins/com.st.stm32cube.ide.mcu.externaltools.gnu-tools-for-stm32.12.3.rel1.macos64_1.0.200.202406191456/tools/bin/../lib/gcc/arm-none-eabi/12.3.1/thumb/v7e-m+fp/hard/crtbegin.o
 *(.text*)
 .text.vListInitialise
                0x08000210       0x40 ./Inc/FreeRTOS/Source/list.o
                0x08000210                vListInitialise
 .text.vListInitialiseItem
                0x08000250       0x1a ./Inc/FreeRTOS/Source/list.o
                0x08000250                vListInitialiseItem
 .text.vListInsertEnd
                0x0800026a       0x48 ./Inc/FreeRTOS/Source/list.o
                0x0800026a                vListInsertEnd
 .text.uxListRemove
                0x080002b2       0x54 ./Inc/FreeRTOS/Source/list.o
                0x080002b2                uxListRemove
 .text.xTaskCreateStatic
                0x08000306       0xc0 ./Inc/FreeRTOS/Source/tasks.o
                0x08000306                xTaskCreateStatic
 .text.xTaskCreate
                0x080003c6       0x8a ./Inc/FreeRTOS/Source/tasks.o
                0x080003c6                xTaskCreate
 .text.prvInitialiseNewTask
                0x08000450      0x110 ./Inc/FreeRTOS/Source/tasks.o
 .text.prvAddNewTaskToReadyList
                0x08000560       0xd4 ./Inc/FreeRTOS/Source/tasks.o
 .text.vTaskStartScheduler
                0x08000634       0xc4 ./Inc/FreeRTOS/Source/tasks.o
                0x08000634                vTaskStartScheduler
 .text.vTaskSuspendAll
                0x080006f8       0x1c ./Inc/FreeRTOS/Source/tasks.o
                0x080006f8                vTaskSuspendAll
 .text.xTaskResumeAll
                0x08000714      0x13c ./Inc/FreeRTOS/Source/tasks.o
                0x08000714                xTaskResumeAll
 .text.xTaskIncrementTick
                0x08000850      0x174 ./Inc/FreeRTOS/Source/tasks.o
                0x08000850                xTaskIncrementTick
 .text.vTaskSwitchContext
                0x080009c4       0xb8 ./Inc/FreeRTOS/Source/tasks.o
                0x080009c4                vTaskSwitchContext
 .text.prvIdleTask
                0x08000a7c       0x30 ./Inc/FreeRTOS/Source/tasks.o
 .text.prvInitialiseTaskLists
                0x08000aac       0x80 ./Inc/FreeRTOS/Source/tasks.o
 .text.prvCheckTasksWaitingTermination
                0x08000b2c       0x5c ./Inc/FreeRTOS/Source/tasks.o
 .text.prvDeleteTCB
                0x08000b88       0x60 ./Inc/FreeRTOS/Source/tasks.o
 .text.prvResetNextTaskUnblockTime
                0x08000be8       0x40 ./Inc/FreeRTOS/Source/tasks.o
 .text.pxPortInitialiseStack
                0x08000c28       0x68 ./Inc/FreeRTOS/Source/portable/GCC/ARM_CM4F/port.o
                0x08000c28                pxPortInitialiseStack
 .text.prvTaskExitError
                0x08000c90       0x5c ./Inc/FreeRTOS/Source/portable/GCC/ARM_CM4F/port.o
 *fill*         0x08000cec        0x4 
 .text.SVC_Handler
                0x08000cf0       0x28 ./Inc/FreeRTOS/Source/portable/GCC/ARM_CM4F/port.o
                0x08000cf0                SVC_Handler
 .text.prvPortStartFirstTask
                0x08000d18       0x28 ./Inc/FreeRTOS/Source/portable/GCC/ARM_CM4F/port.o
 .text.xPortStartScheduler
                0x08000d40      0x148 ./Inc/FreeRTOS/Source/portable/GCC/ARM_CM4F/port.o
                0x08000d40                xPortStartScheduler
 .text.vPortEnterCritical
                0x08000e88       0x64 ./Inc/FreeRTOS/Source/portable/GCC/ARM_CM4F/port.o
                0x08000e88                vPortEnterCritical
 .text.vPortExitCritical
                0x08000eec       0x54 ./Inc/FreeRTOS/Source/portable/GCC/ARM_CM4F/port.o
                0x08000eec                vPortExitCritical
 .text.PendSV_Handler
                0x08000f40       0x68 ./Inc/FreeRTOS/Source/portable/GCC/ARM_CM4F/port.o
                0x08000f40                PendSV_Handler
 .text.SysTick_Handler
                0x08000fa8       0x44 ./Inc/FreeRTOS/Source/portable/GCC/ARM_CM4F/port.o
                0x08000fa8                SysTick_Handler
 .text.vPortSetupTimerInterrupt
                0x08000fec       0x48 ./Inc/FreeRTOS/Source/portable/GCC/ARM_CM4F/port.o
                0x08000fec                vPortSetupTimerInterrupt
 .text.vPortEnableVFP
                0x08001034       0x14 ./Inc/FreeRTOS/Source/portable/GCC/ARM_CM4F/port.o
 .text.pvPortMalloc
                0x08001048      0x19c ./Inc/FreeRTOS/Source/portable/MemMang/heap_4.o
                0x08001048                pvPortMalloc
 .text.vPortFree
                0x080011e4       0xc8 ./Inc/FreeRTOS/Source/portable/MemMang/heap_4.o
                0x080011e4                vPortFree
 .text.prvHeapInit
                0x080012ac       0xc4 ./Inc/FreeRTOS/Source/portable/MemMang/heap_4.o
 .text.prvInsertBlockIntoFreeList
                0x08001370       0xb4 ./Inc/FreeRTOS/Source/portable/MemMang/heap_4.o
 .text.myTask1  0x08001424        0xc ./Src/main.o
                0x08001424                myTask1
 .text.main     0x08001430       0x30 ./Src/main.o
                0x08001430                main
 .text.Reset_Handler
                0x08001460       0x50 ./Startup/startup_stm32f446retx.o
                0x08001460                Reset_Handler
 .text.Default_Handler
                0x080014b0        0x2 ./Startup/startup_stm32f446retx.o
                0x080014b0                DMA1_Stream3_IRQHandler
                0x080014b0                EXTI2_IRQHandler
                0x080014b0                TIM8_CC_IRQHandler
                0x080014b0                SPDIF_Rx_IRQHandler
                0x080014b0                DebugMon_Handler
                0x080014b0                SPI4_IRQHandler
                0x080014b0                TIM1_CC_IRQHandler
                0x080014b0                QuadSPI_IRQHandler
                0x080014b0                DMA2_Stream5_IRQHandler
                0x080014b0                HardFault_Handler
                0x080014b0                DMA1_Stream5_IRQHandler
                0x080014b0                PVD_IRQHandler
                0x080014b0                SDIO_IRQHandler
                0x080014b0                TAMP_STAMP_IRQHandler
                0x080014b0                NMI_Handler
                0x080014b0                CAN2_RX1_IRQHandler
                0x080014b0                EXTI3_IRQHandler
                0x080014b0                TIM8_TRG_COM_TIM14_IRQHandler
                0x080014b0                TIM1_UP_TIM10_IRQHandler
                0x080014b0                FMPI2C1_error_IRQHandler
                0x080014b0                TIM8_UP_TIM13_IRQHandler
                0x080014b0                I2C3_ER_IRQHandler
                0x080014b0                EXTI0_IRQHandler
                0x080014b0                I2C2_EV_IRQHandler
                0x080014b0                DMA1_Stream2_IRQHandler
                0x080014b0                CAN1_RX0_IRQHandler
                0x080014b0                OTG_HS_WKUP_IRQHandler
                0x080014b0                UsageFault_Handler
                0x080014b0                CAN2_SCE_IRQHandler
                0x080014b0                DMA2_Stream2_IRQHandler
                0x080014b0                SPI1_IRQHandler
                0x080014b0                TIM6_DAC_IRQHandler
                0x080014b0                TIM1_BRK_TIM9_IRQHandler
                0x080014b0                DCMI_IRQHandler
                0x080014b0                CAN2_RX0_IRQHandler
                0x080014b0                DMA2_Stream3_IRQHandler
                0x080014b0                FMPI2C1_IRQHandler
                0x080014b0                SAI2_IRQHandler
                0x080014b0                USART6_IRQHandler
                0x080014b0                USART3_IRQHandler
                0x080014b0                CAN1_RX1_IRQHandler
                0x080014b0                UART5_IRQHandler
                0x080014b0                DMA2_Stream0_IRQHandler
                0x080014b0                TIM4_IRQHandler
                0x080014b0                I2C1_EV_IRQHandler
                0x080014b0                HDMI_CEC_IRQHandler
                0x080014b0                DMA1_Stream6_IRQHandler
                0x080014b0                DMA1_Stream1_IRQHandler
                0x080014b0                UART4_IRQHandler
                0x080014b0                TIM3_IRQHandler
                0x080014b0                RCC_IRQHandler
                0x080014b0                TIM8_BRK_TIM12_IRQHandler
                0x080014b0                Default_Handler
                0x080014b0                EXTI15_10_IRQHandler
                0x080014b0                ADC_IRQHandler
                0x080014b0                DMA1_Stream7_IRQHandler
                0x080014b0                TIM7_IRQHandler
                0x080014b0                CAN2_TX_IRQHandler
                0x080014b0                TIM5_IRQHandler
                0x080014b0                DMA2_Stream7_IRQHandler
                0x080014b0                I2C3_EV_IRQHandler
                0x080014b0                EXTI9_5_IRQHandler
                0x080014b0                RTC_WKUP_IRQHandler
                0x080014b0                SPI2_IRQHandler
                0x080014b0                OTG_HS_EP1_IN_IRQHandler
                0x080014b0                MemManage_Handler
                0x080014b0                DMA1_Stream0_IRQHandler
                0x080014b0                CAN1_TX_IRQHandler
                0x080014b0                EXTI4_IRQHandler
                0x080014b0                OTG_HS_EP1_OUT_IRQHandler
                0x080014b0                WWDG_IRQHandler
                0x080014b0                TIM2_IRQHandler
                0x080014b0                OTG_FS_WKUP_IRQHandler
                0x080014b0                TIM1_TRG_COM_TIM11_IRQHandler
                0x080014b0                OTG_HS_IRQHandler
                0x080014b0                EXTI1_IRQHandler
                0x080014b0                USART2_IRQHandler
                0x080014b0                I2C2_ER_IRQHandler
                0x080014b0                DMA2_Stream1_IRQHandler
                0x080014b0                CAN1_SCE_IRQHandler
                0x080014b0                FLASH_IRQHandler
                0x080014b0                DMA2_Stream4_IRQHandler
                0x080014b0                BusFault_Handler
                0x080014b0                USART1_IRQHandler
                0x080014b0                OTG_FS_IRQHandler
                0x080014b0                SPI3_IRQHandler
                0x080014b0                DMA1_Stream4_IRQHandler
                0x080014b0                I2C1_ER_IRQHandler
                0x080014b0                FMC_IRQHandler
                0x080014b0                DMA2_Stream6_IRQHandler
                0x080014b0                SAI1_IRQHandler
                0x080014b0                RTC_Alarm_IRQHandler
 *fill*         0x080014b2        0x2 
 .text.__libc_init_array
                0x080014b4       0x48 /Applications/STM32CubeIDE.app/Contents/Eclipse/plugins/com.st.stm32cube.ide.mcu.externaltools.gnu-tools-for-stm32.12.3.rel1.macos64_1.0.200.202406191456/tools/bin/../lib/gcc/arm-none-eabi/12.3.1/../../../../arm-none-eabi/lib/thumb/v7e-m+fp/hard/libc_nano.a(libc_a-init.o)
                0x080014b4                __libc_init_array
 *(.glue_7)
 .glue_7        0x080014fc        0x0 linker stubs
 *(.glue_7t)
 .glue_7t       0x080014fc        0x0 linker stubs
 *(.eh_frame)
 .eh_frame      0x080014fc        0x0 /Applications/STM32CubeIDE.app/Contents/Eclipse/plugins/com.st.stm32cube.ide.mcu.externaltools.gnu-tools-for-stm32.12.3.rel1.macos64_1.0.200.202406191456/tools/bin/../lib/gcc/arm-none-eabi/12.3.1/thumb/v7e-m+fp/hard/crtbegin.o
 *(.init)
 .init          0x080014fc        0x4 /Applications/STM32CubeIDE.app/Contents/Eclipse/plugins/com.st.stm32cube.ide.mcu.externaltools.gnu-tools-for-stm32.12.3.rel1.macos64_1.0.200.202406191456/tools/bin/../lib/gcc/arm-none-eabi/12.3.1/thumb/v7e-m+fp/hard/crti.o
                0x080014fc                _init
 .init          0x08001500        0x8 /Applications/STM32CubeIDE.app/Contents/Eclipse/plugins/com.st.stm32cube.ide.mcu.externaltools.gnu-tools-for-stm32.12.3.rel1.macos64_1.0.200.202406191456/tools/bin/../lib/gcc/arm-none-eabi/12.3.1/thumb/v7e-m+fp/hard/crtn.o
 *(.fini)
 .fini          0x08001508        0x4 /Applications/STM32CubeIDE.app/Contents/Eclipse/plugins/com.st.stm32cube.ide.mcu.externaltools.gnu-tools-for-stm32.12.3.rel1.macos64_1.0.200.202406191456/tools/bin/../lib/gcc/arm-none-eabi/12.3.1/thumb/v7e-m+fp/hard/crti.o
                0x08001508                _fini
 .fini          0x0800150c        0x8 /Applications/STM32CubeIDE.app/Contents/Eclipse/plugins/com.st.stm32cube.ide.mcu.externaltools.gnu-tools-for-stm32.12.3.rel1.macos64_1.0.200.202406191456/tools/bin/../lib/gcc/arm-none-eabi/12.3.1/thumb/v7e-m+fp/hard/crtn.o
                0x08001514                        . = ALIGN (0x4)
                0x08001514                        _etext = .

.vfp11_veneer   0x08001514        0x0
 .vfp11_veneer  0x08001514        0x0 linker stubs

.v4_bx          0x08001514        0x0
 .v4_bx         0x08001514        0x0 linker stubs

.iplt           0x08001514        0x0
 .iplt          0x08001514        0x0 /Applications/STM32CubeIDE.app/Contents/Eclipse/plugins/com.st.stm32cube.ide.mcu.externaltools.gnu-tools-for-stm32.12.3.rel1.macos64_1.0.200.202406191456/tools/bin/../lib/gcc/arm-none-eabi/12.3.1/thumb/v7e-m+fp/hard/crtbegin.o

.rodata         0x08001514       0x10
                0x08001514                        . = ALIGN (0x4)
 *(.rodata)
 .rodata        0x08001514        0x5 ./Inc/FreeRTOS/Source/tasks.o
 *fill*         0x08001519        0x3 
 .rodata        0x0800151c        0x6 ./Src/main.o
 *(.rodata*)
                0x08001524                        . = ALIGN (0x4)
 *fill*         0x08001522        0x2 

.ARM.extab      0x08001524        0x0
                0x08001524                        . = ALIGN (0x4)
 *(.ARM.extab* .gnu.linkonce.armextab.*)
                0x08001524                        . = ALIGN (0x4)

.ARM            0x08001524        0x0
                0x08001524                        . = ALIGN (0x4)
                0x08001524                        __exidx_start = .
 *(.ARM.exidx*)
                0x08001524                        __exidx_end = .
                0x08001524                        . = ALIGN (0x4)

.preinit_array  0x08001524        0x0
                0x08001524                        . = ALIGN (0x4)
                0x08001524                        PROVIDE (__preinit_array_start = .)
 *(.preinit_array*)
                0x08001524                        PROVIDE (__preinit_array_end = .)
                0x08001524                        . = ALIGN (0x4)

.init_array     0x08001524        0x4
                0x08001524                        . = ALIGN (0x4)
                0x08001524                        PROVIDE (__init_array_start = .)
 *(SORT_BY_NAME(.init_array.*))
 *(.init_array*)
 .init_array    0x08001524        0x4 /Applications/STM32CubeIDE.app/Contents/Eclipse/plugins/com.st.stm32cube.ide.mcu.externaltools.gnu-tools-for-stm32.12.3.rel1.macos64_1.0.200.202406191456/tools/bin/../lib/gcc/arm-none-eabi/12.3.1/thumb/v7e-m+fp/hard/crtbegin.o
                0x08001528                        PROVIDE (__init_array_end = .)
                0x08001528                        . = ALIGN (0x4)

.fini_array     0x08001528        0x4
                0x08001528                        . = ALIGN (0x4)
                [!provide]                        PROVIDE (__fini_array_start = .)
 *(SORT_BY_NAME(.fini_array.*))
 *(.fini_array*)
 .fini_array    0x08001528        0x4 /Applications/STM32CubeIDE.app/Contents/Eclipse/plugins/com.st.stm32cube.ide.mcu.externaltools.gnu-tools-for-stm32.12.3.rel1.macos64_1.0.200.202406191456/tools/bin/../lib/gcc/arm-none-eabi/12.3.1/thumb/v7e-m+fp/hard/crtbegin.o
                [!provide]                        PROVIDE (__fini_array_end = .)
                0x0800152c                        . = ALIGN (0x4)
                0x0800152c                        _sidata = LOADADDR (.data)

.rel.dyn        0x0800152c        0x0
 .rel.iplt      0x0800152c        0x0 /Applications/STM32CubeIDE.app/Contents/Eclipse/plugins/com.st.stm32cube.ide.mcu.externaltools.gnu-tools-for-stm32.12.3.rel1.macos64_1.0.200.202406191456/tools/bin/../lib/gcc/arm-none-eabi/12.3.1/thumb/v7e-m+fp/hard/crtbegin.o

.data           0x20000000        0x4 load address 0x0800152c
                0x20000000                        . = ALIGN (0x4)
                0x20000000                        _sdata = .
 *(.data)
 *(.data*)
 .data.uxCriticalNesting
                0x20000000        0x4 ./Inc/FreeRTOS/Source/portable/GCC/ARM_CM4F/port.o
 *(.RamFunc)
 *(.RamFunc*)
                0x20000004                        . = ALIGN (0x4)
                0x20000004                        _edata = .

.igot.plt       0x20000004        0x0 load address 0x08001530
 .igot.plt      0x20000004        0x0 /Applications/STM32CubeIDE.app/Contents/Eclipse/plugins/com.st.stm32cube.ide.mcu.externaltools.gnu-tools-for-stm32.12.3.rel1.macos64_1.0.200.202406191456/tools/bin/../lib/gcc/arm-none-eabi/12.3.1/thumb/v7e-m+fp/hard/crtbegin.o
                0x20000004                        . = ALIGN (0x4)

.bss            0x20000004     0x3d74 load address 0x08001530
                0x20000004                        _sbss = .
                0x20000004                        __bss_start__ = _sbss
 *(.bss)
 .bss           0x20000004       0x1c /Applications/STM32CubeIDE.app/Contents/Eclipse/plugins/com.st.stm32cube.ide.mcu.externaltools.gnu-tools-for-stm32.12.3.rel1.macos64_1.0.200.202406191456/tools/bin/../lib/gcc/arm-none-eabi/12.3.1/thumb/v7e-m+fp/hard/crtbegin.o
 *(.bss*)
 .bss.pxCurrentTCB
                0x20000020        0x4 ./Inc/FreeRTOS/Source/tasks.o
                0x20000020                pxCurrentTCB
 .bss.pxReadyTasksLists
                0x20000024       0x8c ./Inc/FreeRTOS/Source/tasks.o
 .bss.xDelayedTaskList1
                0x200000b0       0x14 ./Inc/FreeRTOS/Source/tasks.o
 .bss.xDelayedTaskList2
                0x200000c4       0x14 ./Inc/FreeRTOS/Source/tasks.o
 .bss.pxDelayedTaskList
                0x200000d8        0x4 ./Inc/FreeRTOS/Source/tasks.o
 .bss.pxOverflowDelayedTaskList
                0x200000dc        0x4 ./Inc/FreeRTOS/Source/tasks.o
 .bss.xPendingReadyList
                0x200000e0       0x14 ./Inc/FreeRTOS/Source/tasks.o
 .bss.xTasksWaitingTermination
                0x200000f4       0x14 ./Inc/FreeRTOS/Source/tasks.o
 .bss.uxDeletedTasksWaitingCleanUp
                0x20000108        0x4 ./Inc/FreeRTOS/Source/tasks.o
 .bss.xSuspendedTaskList
                0x2000010c       0x14 ./Inc/FreeRTOS/Source/tasks.o
 .bss.uxCurrentNumberOfTasks
                0x20000120        0x4 ./Inc/FreeRTOS/Source/tasks.o
 .bss.xTickCount
                0x20000124        0x4 ./Inc/FreeRTOS/Source/tasks.o
 .bss.uxTopReadyPriority
                0x20000128        0x4 ./Inc/FreeRTOS/Source/tasks.o
 .bss.xSchedulerRunning
                0x2000012c        0x4 ./Inc/FreeRTOS/Source/tasks.o
 .bss.xPendedTicks
                0x20000130        0x4 ./Inc/FreeRTOS/Source/tasks.o
 .bss.xYieldPending
                0x20000134        0x4 ./Inc/FreeRTOS/Source/tasks.o
 .bss.xNumOfOverflows
                0x20000138        0x4 ./Inc/FreeRTOS/Source/tasks.o
 .bss.uxTaskNumber
                0x2000013c        0x4 ./Inc/FreeRTOS/Source/tasks.o
 .bss.xNextTaskUnblockTime
                0x20000140        0x4 ./Inc/FreeRTOS/Source/tasks.o
 .bss.xIdleTaskHandle
                0x20000144        0x4 ./Inc/FreeRTOS/Source/tasks.o
 .bss.uxSchedulerSuspended
                0x20000148        0x4 ./Inc/FreeRTOS/Source/tasks.o
 .bss.ucMaxSysCallPriority
                0x2000014c        0x1 ./Inc/FreeRTOS/Source/portable/GCC/ARM_CM4F/port.o
 *fill*         0x2000014d        0x3 
 .bss.ulMaxPRIGROUPValue
                0x20000150        0x4 ./Inc/FreeRTOS/Source/portable/GCC/ARM_CM4F/port.o
 .bss.ucHeap    0x20000154     0x3c00 ./Inc/FreeRTOS/Source/portable/MemMang/heap_4.o
 .bss.xStart    0x20003d54        0x8 ./Inc/FreeRTOS/Source/portable/MemMang/heap_4.o
 .bss.pxEnd     0x20003d5c        0x4 ./Inc/FreeRTOS/Source/portable/MemMang/heap_4.o
 .bss.xFreeBytesRemaining
                0x20003d60        0x4 ./Inc/FreeRTOS/Source/portable/MemMang/heap_4.o
 .bss.xMinimumEverFreeBytesRemaining
                0x20003d64        0x4 ./Inc/FreeRTOS/Source/portable/MemMang/heap_4.o
 .bss.xNumberOfSuccessfulAllocations
                0x20003d68        0x4 ./Inc/FreeRTOS/Source/portable/MemMang/heap_4.o
 .bss.xNumberOfSuccessfulFrees
                0x20003d6c        0x4 ./Inc/FreeRTOS/Source/portable/MemMang/heap_4.o
 .bss.xBlockAllocatedBit
                0x20003d70        0x4 ./Inc/FreeRTOS/Source/portable/MemMang/heap_4.o
 .bss.myTaskHandle
                0x20003d74        0x4 ./Src/main.o
                0x20003d74                myTaskHandle
 *(COMMON)
                0x20003d78                        . = ALIGN (0x4)
                0x20003d78                        _ebss = .
                0x20003d78                        __bss_end__ = _ebss

._user_heap_stack
                0x20003d78      0x600 load address 0x08001530
                0x20003d78                        . = ALIGN (0x8)
                [!provide]                        PROVIDE (end = .)
                0x20003d78                        PROVIDE (_end = .)
                0x20003f78                        . = (. + _Min_Heap_Size)
 *fill*         0x20003d78      0x200 
                0x20004378                        . = (. + _Min_Stack_Size)
 *fill*         0x20003f78      0x400 
                0x20004378                        . = ALIGN (0x8)

/DISCARD/
 libc.a(*)
 libm.a(*)
 libgcc.a(*)

.ARM.attributes
                0x00000000       0x30
 *(.ARM.attributes)
 .ARM.attributes
                0x00000000       0x22 /Applications/STM32CubeIDE.app/Contents/Eclipse/plugins/com.st.stm32cube.ide.mcu.externaltools.gnu-tools-for-stm32.12.3.rel1.macos64_1.0.200.202406191456/tools/bin/../lib/gcc/arm-none-eabi/12.3.1/thumb/v7e-m+fp/hard/crti.o
 .ARM.attributes
                0x00000022       0x34 /Applications/STM32CubeIDE.app/Contents/Eclipse/plugins/com.st.stm32cube.ide.mcu.externaltools.gnu-tools-for-stm32.12.3.rel1.macos64_1.0.200.202406191456/tools/bin/../lib/gcc/arm-none-eabi/12.3.1/thumb/v7e-m+fp/hard/crtbegin.o
 .ARM.attributes
                0x00000056       0x34 ./Inc/FreeRTOS/Source/list.o
 .ARM.attributes
                0x0000008a       0x34 ./Inc/FreeRTOS/Source/tasks.o
 .ARM.attributes
                0x000000be       0x34 ./Inc/FreeRTOS/Source/portable/GCC/ARM_CM4F/port.o
 .ARM.attributes
                0x000000f2       0x34 ./Inc/FreeRTOS/Source/portable/MemMang/heap_4.o
 .ARM.attributes
                0x00000126       0x34 ./Src/main.o
 .ARM.attributes
                0x0000015a       0x21 ./Startup/startup_stm32f446retx.o
 .ARM.attributes
                0x0000017b       0x34 /Applications/STM32CubeIDE.app/Contents/Eclipse/plugins/com.st.stm32cube.ide.mcu.externaltools.gnu-tools-for-stm32.12.3.rel1.macos64_1.0.200.202406191456/tools/bin/../lib/gcc/arm-none-eabi/12.3.1/../../../../arm-none-eabi/lib/thumb/v7e-m+fp/hard/libc_nano.a(libc_a-init.o)
 .ARM.attributes
                0x000001af       0x22 /Applications/STM32CubeIDE.app/Contents/Eclipse/plugins/com.st.stm32cube.ide.mcu.externaltools.gnu-tools-for-stm32.12.3.rel1.macos64_1.0.200.202406191456/tools/bin/../lib/gcc/arm-none-eabi/12.3.1/thumb/v7e-m+fp/hard/crtn.o
OUTPUT(FREETRTOS_DEMO.elf elf32-littlearm)
LOAD linker stubs
LOAD /Applications/STM32CubeIDE.app/Contents/Eclipse/plugins/com.st.stm32cube.ide.mcu.externaltools.gnu-tools-for-stm32.12.3.rel1.macos64_1.0.200.202406191456/tools/bin/../lib/gcc/arm-none-eabi/12.3.1/../../../../arm-none-eabi/lib/thumb/v7e-m+fp/hard/libc.a
LOAD /Applications/STM32CubeIDE.app/Contents/Eclipse/plugins/com.st.stm32cube.ide.mcu.externaltools.gnu-tools-for-stm32.12.3.rel1.macos64_1.0.200.202406191456/tools/bin/../lib/gcc/arm-none-eabi/12.3.1/../../../../arm-none-eabi/lib/thumb/v7e-m+fp/hard/libm.a
LOAD /Applications/STM32CubeIDE.app/Contents/Eclipse/plugins/com.st.stm32cube.ide.mcu.externaltools.gnu-tools-for-stm32.12.3.rel1.macos64_1.0.200.202406191456/tools/bin/../lib/gcc/arm-none-eabi/12.3.1/thumb/v7e-m+fp/hard/libgcc.a

.debug_info     0x00000000     0x2aac
 .debug_info    0x00000000      0x2ab ./Inc/FreeRTOS/Source/list.o
 .debug_info    0x000002ab     0x1ca3 ./Inc/FreeRTOS/Source/tasks.o
 .debug_info    0x00001f4e      0x4da ./Inc/FreeRTOS/Source/portable/GCC/ARM_CM4F/port.o
 .debug_info    0x00002428      0x4d1 ./Inc/FreeRTOS/Source/portable/MemMang/heap_4.o
 .debug_info    0x000028f9      0x183 ./Src/main.o
 .debug_info    0x00002a7c       0x30 ./Startup/startup_stm32f446retx.o

.debug_abbrev   0x00000000      0x9cf
 .debug_abbrev  0x00000000       0xf3 ./Inc/FreeRTOS/Source/list.o
 .debug_abbrev  0x000000f3      0x357 ./Inc/FreeRTOS/Source/tasks.o
 .debug_abbrev  0x0000044a      0x25a ./Inc/FreeRTOS/Source/portable/GCC/ARM_CM4F/port.o
 .debug_abbrev  0x000006a4      0x21b ./Inc/FreeRTOS/Source/portable/MemMang/heap_4.o
 .debug_abbrev  0x000008bf       0xec ./Src/main.o
 .debug_abbrev  0x000009ab       0x24 ./Startup/startup_stm32f446retx.o

.debug_aranges  0x00000000      0x320
 .debug_aranges
                0x00000000       0x40 ./Inc/FreeRTOS/Source/list.o
 .debug_aranges
                0x00000040      0x1b8 ./Inc/FreeRTOS/Source/tasks.o
 .debug_aranges
                0x000001f8       0x80 ./Inc/FreeRTOS/Source/portable/GCC/ARM_CM4F/port.o
 .debug_aranges
                0x00000278       0x58 ./Inc/FreeRTOS/Source/portable/MemMang/heap_4.o
 .debug_aranges
                0x000002d0       0x28 ./Src/main.o
 .debug_aranges
                0x000002f8       0x28 ./Startup/startup_stm32f446retx.o

.debug_rnglists
                0x00000000      0x25b
 .debug_rnglists
                0x00000000       0x2b ./Inc/FreeRTOS/Source/list.o
 .debug_rnglists
                0x0000002b      0x15f ./Inc/FreeRTOS/Source/tasks.o
 .debug_rnglists
                0x0000018a       0x5d ./Inc/FreeRTOS/Source/portable/GCC/ARM_CM4F/port.o
 .debug_rnglists
                0x000001e7       0x42 ./Inc/FreeRTOS/Source/portable/MemMang/heap_4.o
 .debug_rnglists
                0x00000229       0x19 ./Src/main.o
 .debug_rnglists
                0x00000242       0x19 ./Startup/startup_stm32f446retx.o

.debug_line     0x00000000     0x2bc7
 .debug_line    0x00000000      0x405 ./Inc/FreeRTOS/Source/list.o
 .debug_line    0x00000405     0x16c7 ./Inc/FreeRTOS/Source/tasks.o
 .debug_line    0x00001acc      0x65d ./Inc/FreeRTOS/Source/portable/GCC/ARM_CM4F/port.o
 .debug_line    0x00002129      0x705 ./Inc/FreeRTOS/Source/portable/MemMang/heap_4.o
 .debug_line    0x0000282e      0x31e ./Src/main.o
 .debug_line    0x00002b4c       0x7b ./Startup/startup_stm32f446retx.o

.debug_str      0x00000000     0x14c0
 .debug_str     0x00000000      0x2dd ./Inc/FreeRTOS/Source/list.o
                                0x32a (size before relaxing)
 .debug_str     0x000002dd      0xd39 ./Inc/FreeRTOS/Source/tasks.o
                               0x1043 (size before relaxing)
 .debug_str     0x00001016      0x18c ./Inc/FreeRTOS/Source/portable/GCC/ARM_CM4F/port.o
                                0x4a6 (size before relaxing)
 .debug_str     0x000011a2      0x2b7 ./Inc/FreeRTOS/Source/portable/MemMang/heap_4.o
                                0x543 (size before relaxing)
 .debug_str     0x00001459       0x28 ./Src/main.o
                                0x25c (size before relaxing)
 .debug_str     0x00001481       0x3f ./Startup/startup_stm32f446retx.o
                                 0xa1 (size before relaxing)

.comment        0x00000000       0x43
 .comment       0x00000000       0x43 ./Inc/FreeRTOS/Source/list.o
                                 0x44 (size before relaxing)
 .comment       0x00000043       0x44 ./Inc/FreeRTOS/Source/tasks.o
 .comment       0x00000043       0x44 ./Inc/FreeRTOS/Source/portable/GCC/ARM_CM4F/port.o
 .comment       0x00000043       0x44 ./Inc/FreeRTOS/Source/portable/MemMang/heap_4.o
 .comment       0x00000043       0x44 ./Src/main.o

.debug_frame    0x00000000      0xba0
 .debug_frame   0x00000000       0xd8 ./Inc/FreeRTOS/Source/list.o
 .debug_frame   0x000000d8      0x77c ./Inc/FreeRTOS/Source/tasks.o
 .debug_frame   0x00000854      0x1a8 ./Inc/FreeRTOS/Source/portable/GCC/ARM_CM4F/port.o
 .debug_frame   0x000009fc      0x12c ./Inc/FreeRTOS/Source/portable/MemMang/heap_4.o
 .debug_frame   0x00000b28       0x4c ./Src/main.o
 .debug_frame   0x00000b74       0x2c /Applications/STM32CubeIDE.app/Contents/Eclipse/plugins/com.st.stm32cube.ide.mcu.externaltools.gnu-tools-for-stm32.12.3.rel1.macos64_1.0.200.202406191456/tools/bin/../lib/gcc/arm-none-eabi/12.3.1/../../../../arm-none-eabi/lib/thumb/v7e-m+fp/hard/libc_nano.a(libc_a-init.o)

.debug_line_str
                0x00000000       0x85
 .debug_line_str
                0x00000000       0x85 ./Startup/startup_stm32f446retx.o
