05:47:59 **** Incremental Build of configuration Debug for project RTOS_CMSIS ****
make -j7 all 
arm-none-eabi-gcc "../Core/Src/main.c" -mcpu=cortex-m4 -std=gnu11 -g3 -DDEBUG -DUSE_HAL_DRIVER -DSTM32F446xx -c -I../Core/Inc -I../Drivers/STM32F4xx_HAL_Driver/Inc -I../Drivers/STM32F4xx_HAL_Driver/Inc/Legacy -I../Drivers/CMSIS/Device/ST/STM32F4xx/Include -I../Drivers/CMSIS/Include -I../Middlewares/Third_Party/FreeRTOS/Source/include -I../Middlewares/Third_Party/FreeRTOS/Source/CMSIS_RTOS -I../Middlewares/Third_Party/FreeRTOS/Source/portable/GCC/ARM_CM4F -O0 -ffunction-sections -fdata-sections -Wall -fstack-usage -fcyclomatic-complexity -MMD -MP -MF"Core/Src/main.d" -MT"Core/Src/main.o" --specs=nano.specs -mfpu=fpv4-sp-d16 -mfloat-abi=hard -mthumb -o "Core/Src/main.o"
arm-none-eabi-gcc -o "RTOS_CMSIS.elf" @"objects.list"   -mcpu=cortex-m4 -T"/Users/naveensagar/Desktop/STM32_WORKS/STM32_NUCLE0_F446RE_REGISTER_APPROACH/RTOS_CMSIS/STM32F446RETX_FLASH.ld" --specs=nosys.specs -Wl,-Map="RTOS_CMSIS.map" -Wl,--gc-sections -static --specs=nano.specs -mfpu=fpv4-sp-d16 -mfloat-abi=hard -mthumb -Wl,--start-group -lc -lm -Wl,--end-group
Finished building target: RTOS_CMSIS.elf
 
arm-none-eabi-size  RTOS_CMSIS.elf 
arm-none-eabi-objdump -h -S RTOS_CMSIS.elf  > "RTOS_CMSIS.list"
   text	   data	    bss	    dec	    hex	filename
  14944	     16	  18016	  32976	   80d0	RTOS_CMSIS.elf
Finished building: default.size.stdout
 
Finished building: RTOS_CMSIS.list
 

05:48:00 Build Finished. 0 errors, 0 warnings. (took 807ms)

